---------------------------------------------------------------------------------------------------------------------------------------------------------------------------------------------------------------------------------------------------------------
      name:  <unnamed>
       log:  C:\Users\mramadhani3\OneDrive - Georgia Institute of Technology\Documents\Spring-24\environmental-econ-ii\phdee-24-MR\homework-8\output\log\homework_3_18_Mar_2024_17_15_39.log
  log type:  text
 opened on:  18 Mar 2024, 17:15:39
.                 }

. 
. *********************************************************************************
. 
end of do-file

. 
. *********************************************************************************
. * Q1 Run the given Python code
.         
.         *!python 1_python_estimates.py //Call from shell
.         *python script "$code_path\1_python_estimates.py" //Call from pystata
.         
. *********************************************************************************
. * Q2 Run the Stata code
. 
.         use "$data_path\electric_mathcing", clear
file C:\Users\mramadhani3\OneDrive - Georgia Institute of Technology\Documents\Spring-24\environmental-econ-ii\phdee-24-MR\homework-8\data\electric_mathcing.dta not found
r(601);

end of do-file

r(601);

. do "C:\Users\MRAMAD~1\AppData\Local\Temp\STD17608_000000.tmp"

. *********************************************************************************
. * AUTHOR                : MAGHFIRA RAMADHANI                                                                                    *
. * PROJECT               : HOMEWORK 8                                                                                                    *
. * COURSE                : ECON7103 Environmental Economics II                                                   *
. * DESCRIPTION   : Main Code                                                                                                             *
. * INPUT                 : NA                                                                                                            *
. * OUTPUT                : .\output\table, .\output\figure, .\output\log                                 *
. * STATA VERSION : Stata/MP 18.0                                                                                                 *
. *********************************************************************************
. 
. clear

. version 18.0

. macro drop _all

. set linesize 255

. set more off, permanently
(set more preference recorded)

. capture log close
